// Jest Snapshot v1, https://goo.gl/fbAQLP

exports[`FilterAndSort component renders 1`] = `ShallowWrapper {}`;
