// Jest Snapshot v1, https://goo.gl/fbAQLP

exports[`FilterSelect component renders 1`] = `ShallowWrapper {}`;
