// Jest Snapshot v1, https://goo.gl/fbAQLP

exports[`SortBar component renders 1`] = `ShallowWrapper {}`;
